// Jest Snapshot v1, https://goo.gl/fbAQLP

exports[`ListEmpty component renders without crashing 1`] = `
<View
  style={
    {
      "alignItems": "center",
      "flex": 1,
      "justifyContent": "center",
    }
  }
>
  <Text
    style={
      [
        {
          "textAlign": "left",
        },
        {
          "color": "rgba(28, 27, 31, 1)",
          "fontFamily": "System",
          "fontWeight": "400",
          "letterSpacing": 0,
        },
        {
          "writingDirection": "ltr",
        },
        undefined,
      ]
    }
  >
    No repositories found
  </Text>
</View>
`;
